// Jest Snapshot v1, https://goo.gl/fbAQLP

exports[`<Form /> UI Snapshot renders correctly 1`] = `
<div
  className="flex flex-col break-words bg-white border border-2 rounded shadow-md"
>
  <div
    className="font-semibold bg-purple-500 text-white py-3 px-6 mb-0 rounded-t"
  >
    Test Label
  </div>
  <div
    className="w-full py-4 px-6"
  >
    <form>
      <div
        className="flex flex-col mb-6"
      >
        <label
          className="block text-gray-700 text-sm font-bold mb-2"
          htmlFor="for-input-id"
        >
          Test Label
        </label>
        <div
          className="relative"
        >
          <div
            className="opacity-0 absolute inset-0 left-auto h-100 flex justify-center items-center pointer-events-none mr-2"
          >
            <svg
              aria-hidden="true"
              className="svg-inline--fa fa-times-circle fa-w-16 fa-fw fa-lg fill-current text-red-500"
              data-icon="times-circle"
              data-prefix="fas"
              focusable="false"
              role="img"
              style={Object {}}
              viewBox="0 0 512 512"
              xmlns="http://www.w3.org/2000/svg"
            >
              <path
                d="M256 8C119 8 8 119 8 256s111 248 248 248 248-111 248-248S393 8 256 8zm121.6 313.1c4.7 4.7 4.7 12.3 0 17L338 377.6c-4.7 4.7-12.3 4.7-17 0L256 312l-65.1 65.6c-4.7 4.7-12.3 4.7-17 0L134.4 338c-4.7-4.7-4.7-12.3 0-17l65.6-65-65.6-65.1c-4.7-4.7-4.7-12.3 0-17l39.6-39.6c4.7-4.7 12.3-4.7 17 0l65 65.7 65.1-65.6c4.7-4.7 12.3-4.7 17 0l39.6 39.6c4.7 4.7 4.7 12.3 0 17L312 256l65.6 65.1z"
                fill="currentColor"
                style={Object {}}
              />
            </svg>
          </div>
          <input
            className="shadow appearance-none border rounded w-full py-2 px-3 text-gray-700 leading-tight focus:outline-none focus:shadow-outline disabled:cursor-not-allowed disabled:bg-gray-200"
            disabled={false}
            id="for-input-id"
            onChange={[Function]}
            placeholder=""
            type="text"
            value=""
          />
        </div>
      </div>
    </form>
  </div>
</div>
`;
